[05:23:29] [ServerMain/INFO]: Environment: Environment[sessionHost=https://sessionserver.mojang.com, servicesHost=https://api.minecraftservices.com, name=PROD]
[05:23:31] [ServerMain/INFO]: Loaded 1174 recipes
[05:23:31] [ServerMain/INFO]: Loaded 1271 advancements
[05:23:32] [Server thread/INFO]: Starting minecraft server version 1.20.4
[05:23:32] [Server thread/INFO]: Loading properties
[05:23:32] [Server thread/INFO]: This server is running SlimeWorldManager version git-SlimeWorldManager-15981 (MC: 1.20.4) (Implementing API version 1.20.4-R0.1-SNAPSHOT) (Git: 45af324)
[05:23:33] [Server thread/INFO]: Server Ping Player Sample Count: 12
[05:23:33] [Server thread/INFO]: Using 4 threads for Netty based IO
[05:23:33] [Server thread/WARN]: [!] The timings profiler has been enabled but has been scheduled for removal from Paper in the future.
    We recommend installing the spark profiler as a replacement: https://spark.lucko.me/
    For more information please visit: https://github.com/PaperMC/Paper/issues/8948
[05:23:33] [Server thread/INFO]: [ChunkTaskScheduler] Chunk system is using 1 I/O threads, 1 worker threads, and gen parallelism of 1 threads
[05:23:33] [Server thread/INFO]: Default game type: SURVIVAL
[05:23:33] [Server thread/INFO]: Generating keypair
[05:23:33] [Server thread/INFO]: Starting Minecraft server on *:25565
[05:23:33] [Server thread/INFO]: Using epoll channel type
[05:23:33] [Server thread/INFO]: Paper: Using libdeflate (Linux x86_64) compression from Velocity.
[05:23:33] [Server thread/INFO]: Paper: Using OpenSSL 1.1.x (Linux x86_64) cipher from Velocity.
[05:23:34] [Server thread/WARN]: [org.bukkit.craftbukkit.v1_20_R3.legacy.CraftLegacy] Initializing Legacy Material Support. Unless you have legacy plugins and/or data this is a bug!
[05:23:37] [Server thread/WARN]: Legacy plugin BedWars1058-AntiDrop v1.2.1 does not specify an api-version.
[05:23:37] [Server thread/WARN]: Legacy plugin BedWars1058-MapSelector v1.5.0 does not specify an api-version.
[05:23:37] [Server thread/WARN]: Legacy plugin BedWars1058-GenSplit v0.3 does not specify an api-version.
[05:23:37] [Server thread/WARN]: Legacy plugin GeyserPvP v1.4.1-STABLE does not specify an api-version.
[05:23:37] [Server thread/INFO]: [ViaVersion] Loading server plugin ViaVersion v5.3.2
[05:23:37] [Server thread/INFO]: [ViaVersion] ViaVersion 5.3.2 is now loaded. Registering protocol transformers and injecting...
[05:23:38] [Via-Mappingloader-0/INFO]: [ViaVersion] Loading block connection mappings ...
[05:23:38] [Via-Mappingloader-0/INFO]: [ViaVersion] Using FastUtil Long2ObjectOpenHashMap for block connections
[05:23:38] [Server thread/INFO]: [ViaBackwards] Loading translations...
[05:23:39] [Server thread/INFO]: [ViaBackwards] Registering protocols...
[05:23:39] [Server thread/INFO]: [ViaRewind] Registering protocols...
[05:23:39] [Server thread/INFO]: [LuckPerms] Loading server plugin LuckPerms v5.5.2
[05:23:40] [Server thread/INFO]: [Vault] Loading server plugin Vault v1.7.3-b131
[05:23:40] [Server thread/INFO]: [WorldEdit] Loading server plugin WorldEdit v7.3.10-beta-01+cb9fd58
[05:23:40] [Server thread/INFO]: Got request to register class com.sk89q.worldedit.bukkit.BukkitServerInterface with WorldEdit [com.sk89q.worldedit.extension.platform.PlatformManager@d36ff92]
[05:23:40] [Server thread/INFO]: [PlaceholderAPI] Loading server plugin PlaceholderAPI v2.11.6
[05:23:40] [Server thread/INFO]: [ProtocolLib] Loading server plugin ProtocolLib v5.3.0
[05:23:40] [Server thread/INFO]: [WorldGuard] Loading server plugin WorldGuard v7.0.9+5934e49
[05:23:40] [Server thread/INFO]: [ViaBackwards] Loading server plugin ViaBackwards v5.3.2
[05:23:40] [Server thread/INFO]: [CoreLogging] Loading server plugin Multiverse-Core v5.0.1
[05:23:40] [Server thread/INFO]: [SlimeWorldManager] Loading server plugin SlimeWorldManager v2.10.0
[05:23:40] [Server thread/INFO]: [Citizens] Loading server plugin Citizens v2.0.33-SNAPSHOT (build 3311)
[05:23:40] [Server thread/INFO]: [Parties] Loading server plugin Parties v3.2.16
[05:23:40] [Server thread/INFO]: [Parties] Loading libraries of Parties v3.2.16, this may take a while
[05:23:41] [Server thread/INFO]: [Parties] Verifying checksum for jar-relocator
[05:23:41] [Server thread/INFO]: [Parties] Verifying checksum for asm
[05:23:41] [Server thread/INFO]: [Parties] Verifying checksum for asm-commons
[05:23:41] [Server thread/INFO]: [Parties] Verifying checksum for gson
[05:23:41] [Server thread/INFO]: [Parties] Verifying checksum for jdbi3-core
[05:23:41] [Server thread/INFO]: [Parties] Verifying checksum for geantyref
[05:23:41] [Server thread/INFO]: [Parties] Verifying checksum for caffeine
[05:23:41] [Server thread/INFO]: [Parties] Verifying checksum for jdbi3-stringtemplate4
[05:23:41] [Server thread/INFO]: [Parties] Verifying checksum for ST4
[05:23:41] [Server thread/INFO]: [Parties] Verifying checksum for antlr-runtime
[05:23:41] [Server thread/INFO]: [Parties] Verifying checksum for jdbi3-sqlobject
[05:23:41] [Server thread/INFO]: [Parties] Verifying checksum for slf4j-api
[05:23:41] [Server thread/INFO]: [Parties] Verifying checksum for slf4j-simple
[05:23:41] [Server thread/INFO]: [Parties] Verifying checksum for HikariCP
[05:23:41] [Server thread/INFO]: [Parties] Verifying checksum for mariadb-java-client
[05:23:41] [Server thread/INFO]: [Parties] Verifying checksum for mysql-connector-j
[05:23:41] [Server thread/INFO]: [Parties] Verifying checksum for postgresql
[05:23:41] [Server thread/INFO]: [Parties] Verifying checksum for h2
[05:23:41] [Server thread/INFO]: [Parties] Verifying checksum for exp4j
[05:23:41] [Server thread/INFO]: [SkinsRestorer] Loading server plugin SkinsRestorer v15.6.5
[05:23:41] [Server thread/INFO]: [Multiverse-Inventories] Loading server plugin Multiverse-Inventories v5.0.1
[05:23:41] [Server thread/INFO]: [BedWars1058] Loading server plugin BedWars1058 v25.5-SNAPSHOT
[05:23:41] [Server thread/INFO]: [BedWars1058] Loading support for Spigot/ Paper v1_20_R3
[05:23:42] [Server thread/INFO]: [Essentials] Loading server plugin Essentials v2.21.2-dev+5-4ab3bbc
[05:23:42] [Server thread/INFO]: [Geyser-Spigot] Loading server plugin Geyser-Spigot v2.7.1-SNAPSHOT
[05:23:42] [Server thread/INFO]: [Geyser-Spigot] Loading extensions...
[05:23:42] [Server thread/INFO]: [Geyser-Spigot] Loaded 0 extension(s)
[05:23:42] [Server thread/INFO]: [OldCombatMechanics] Loading server plugin OldCombatMechanics v2.0.4
[05:23:42] [Server thread/INFO]: [DecentHolograms] Loading server plugin DecentHolograms v2.9.1
[05:23:42] [Server thread/INFO]: [ItemJoin] Loading server plugin ItemJoin v6.1.3-RELEASE-b1085
[05:23:42] [Server thread/INFO]: [BedWars1058-AntiDrop] Loading server plugin BedWars1058-AntiDrop v1.2.1
[05:23:42] [Server thread/INFO]: [BedWars1058-MapSelector] Loading server plugin BedWars1058-MapSelector v1.5.0
[05:23:42] [Server thread/INFO]: [spark] Loading server plugin spark v1.10.119
[05:23:42] [Server thread/INFO]: [Multiverse-Portals] Loading server plugin Multiverse-Portals v5.0.2
[05:23:42] [Server thread/INFO]: [BedWars-Cosmetics] Loading server plugin Cosmetics v1.4.8
[05:23:42] [Server thread/INFO]: [BedWars1058-Compass] Loading server plugin BedWars1058-Compass v1.4.3
[05:23:42] [Server thread/INFO]: [JumpPads] Loading server plugin JumpPads v1.25.13
[05:23:42] [Server thread/INFO]: [EssentialsSpawn] Loading server plugin EssentialsSpawn v2.21.2-dev+5-4ab3bbc
[05:23:42] [Server thread/INFO]: [BedWars1058-GenSplit] Loading server plugin BedWars1058-GenSplit v0.3
[05:23:42] [Server thread/INFO]: [GeyserPvP] Loading server plugin GeyserPvP v1.4.1-STABLE
[05:23:42] [Server thread/INFO]: [BedWars1058-Sponge] Loading server plugin BedWars1058-Sponge v1.0.2
[05:23:42] [Server thread/INFO]: [ViaRewind] Loading server plugin ViaRewind v4.0.7
[05:23:42] [Server thread/INFO]: [BedWars1058-TeamSelector] Loading server plugin BedWars1058-TeamSelector v0.7
[05:23:42] [Server thread/INFO]: [BedWars1058-PlayAgain] Loading server plugin BedWars1058-PlayAgain v2.1.1
[05:23:42] [Server thread/INFO]: Server permissions file permissions.yml is empty, ignoring it
[05:23:42] [Server thread/INFO]: [LuckPerms] Enabling LuckPerms v5.5.2
[05:23:43] [Server thread/INFO]:         __    
[05:23:43] [Server thread/INFO]:   |    |__)   LuckPerms v5.5.2
[05:23:43] [Server thread/INFO]:   |___ |      Running on Bukkit - SlimeWorldManager
[05:23:43] [Server thread/INFO]: 
[05:23:43] [Server thread/INFO]: [LuckPerms] Loading configuration...
[05:23:43] [Server thread/INFO]: [LuckPerms] Loading storage provider... [H2]
[05:23:43] [Server thread/INFO]: [LuckPerms] Loading internal permission managers...
[05:23:44] [Server thread/INFO]: [LuckPerms] Performing initial data load...
[05:23:44] [Server thread/INFO]: [LuckPerms] Successfully enabled. (took 1677ms)
[05:23:44] [Server thread/INFO]: [Vault] Enabling Vault v1.7.3-b131
[05:23:44] [Server thread/INFO]: [Vault] [Economy] Essentials Economy found: Waiting
[05:23:44] [Server thread/INFO]: [Vault] [Permission] SuperPermissions loaded as backup permission system.
[05:23:44] [Server thread/INFO]: [Vault] Enabled Version 1.7.3-b131
[05:23:44] [Server thread/INFO]: [LuckPerms] Registered Vault permission & chat hook.
[05:23:44] [Server thread/INFO]: [WorldEdit] Enabling WorldEdit v7.3.10-beta-01+cb9fd58
[05:23:44] [Server thread/INFO]: Registering commands with com.sk89q.worldedit.bukkit.BukkitServerInterface
[05:23:44] [Server thread/INFO]: WEPIF: Vault detected! Using Vault for permissions
[05:23:44] [Server thread/INFO]: Using com.sk89q.worldedit.bukkit.adapter.impl.v1_20_R3.PaperweightAdapter as the Bukkit adapter
[05:23:45] [Server thread/INFO]: [ProtocolLib] Enabling ProtocolLib v5.3.0
[05:23:46] [Server thread/INFO]: [SkinsRestorer] Enabling SkinsRestorer v15.6.5
[05:23:46] [Server thread/INFO]: [SkinsRestorer] Running on Minecraft 1.20.4.
[05:23:47] [Server thread/INFO]: [SkinsRestorer] Using paper join listener!
[05:23:47] [Server thread/INFO]: [PlaceholderAPI] Successfully registered internal expansion: skinsrestorer [15.6.5]
[05:23:47] [Server thread/INFO]: [SkinsRestorer] PlaceholderAPI expansion registered!
[05:23:47] [Server thread/INFO]: [ItemJoin] Enabling ItemJoin v6.1.3-RELEASE-b1085
[05:23:47] [Folia Async Scheduler Thread #1/INFO]: [SkinsRestorer] ----------------------------------------------
[05:23:47] [Folia Async Scheduler Thread #1/INFO]: [SkinsRestorer]     +==================+
[05:23:47] [Folia Async Scheduler Thread #1/INFO]: [SkinsRestorer]     |   SkinsRestorer  |
[05:23:47] [Folia Async Scheduler Thread #1/INFO]: [SkinsRestorer]     |------------------|
[05:23:47] [Folia Async Scheduler Thread #1/INFO]: [SkinsRestorer]     |  Standalone Mode |
[05:23:47] [Folia Async Scheduler Thread #1/INFO]: [SkinsRestorer]     +==================+
[05:23:47] [Folia Async Scheduler Thread #1/INFO]: [SkinsRestorer] ----------------------------------------------
[05:23:47] [Folia Async Scheduler Thread #1/INFO]: [SkinsRestorer]     Version: 15.6.5
[05:23:47] [Folia Async Scheduler Thread #1/INFO]: [SkinsRestorer]     Commit: f8c262a
[05:23:47] [Folia Async Scheduler Thread #1/INFO]: [SkinsRestorer]     This is the latest version!
[05:23:47] [Folia Async Scheduler Thread #1/INFO]: [SkinsRestorer] ----------------------------------------------
[05:23:47] [Folia Async Scheduler Thread #1/INFO]: [SkinsRestorer] Do you have issues? Read our troubleshooting guide: https://skinsrestorer.net/docs/troubleshooting
[05:23:47] [Folia Async Scheduler Thread #1/INFO]: [SkinsRestorer] Want to support SkinsRestorer? Consider donating: https://skinsrestorer.net/donate
[05:23:47] [Server thread/INFO]: [ViaRewind] Enabling ViaRewind v4.0.7
[05:23:47] [Server thread/WARN]: **** SERVER IS RUNNING IN OFFLINE/INSECURE MODE!
[05:23:47] [Server thread/WARN]: The server will make no attempt to authenticate usernames. Beware.
[05:23:47] [Server thread/WARN]: While this makes the game possible to play without internet access, it also opens up the ability for hackers to connect with any username they choose.
[05:23:47] [Server thread/WARN]: To change this, set "online-mode" to "true" in the server.properties file.
[05:23:47] [Server thread/INFO]: Preparing level "bwlobby"
[05:23:47] [Server thread/INFO]: Preparing start region for dimension minecraft:overworld
[05:23:48] [Server thread/INFO]: Time elapsed: 190 ms
[05:23:48] [Server thread/INFO]: Preparing start region for dimension minecraft:the_end
[05:23:48] [Server thread/INFO]: Time elapsed: 119 ms
[05:23:48] [Server thread/INFO]: [ViaVersion] Enabling ViaVersion v5.3.2
[05:23:48] [Server thread/INFO]: [ViaVersion] ViaVersion detected server version: 1.20.3-1.20.4 (765)
[05:23:48] [Server thread/INFO]: [PlaceholderAPI] Enabling PlaceholderAPI v2.11.6
[05:23:48] [Server thread/INFO]: [PlaceholderAPI] Fetching available expansion information...
[05:23:48] [Server thread/INFO]: [WorldGuard] Enabling WorldGuard v7.0.9+5934e49
[05:23:48] [Server thread/INFO]: [WorldGuard] (bwlobby) TNT ignition is PERMITTED.
[05:23:48] [Server thread/INFO]: [WorldGuard] (bwlobby) Lighters are PERMITTED.
[05:23:48] [Server thread/INFO]: [WorldGuard] (bwlobby) Lava fire is PERMITTED.
[05:23:48] [Server thread/INFO]: [WorldGuard] (bwlobby) Fire spread is UNRESTRICTED.
[05:23:48] [Server thread/INFO]: [WorldGuard] Loaded configuration for world 'bwlobby'
[05:23:48] [Server thread/INFO]: [WorldGuard] (bwlobby_the_end) TNT ignition is PERMITTED.
[05:23:48] [Server thread/INFO]: [WorldGuard] (bwlobby_the_end) Lighters are PERMITTED.
[05:23:48] [Server thread/INFO]: [WorldGuard] (bwlobby_the_end) Lava fire is PERMITTED.
[05:23:48] [Server thread/INFO]: [WorldGuard] (bwlobby_the_end) Fire spread is UNRESTRICTED.
[05:23:48] [Server thread/INFO]: [WorldGuard] Loaded configuration for world 'bwlobby_the_end'
[05:23:48] [Server thread/INFO]: [WorldGuard] Loading region data...
[05:23:49] [Server thread/INFO]: [ViaBackwards] Enabling ViaBackwards v5.3.2
[05:23:49] [Server thread/INFO]: [Multiverse-Core] Enabling Multiverse-Core v5.0.1
[05:23:49] [Server thread/INFO]: Preparing start region for dimension minecraft:hub
[05:23:50] [Server thread/INFO]: Time elapsed: 786 ms
[05:23:50] [Server thread/INFO]: [WorldGuard] (hub) TNT ignition is PERMITTED.
[05:23:50] [Server thread/INFO]: [WorldGuard] (hub) Lighters are PERMITTED.
[05:23:50] [Server thread/INFO]: [WorldGuard] (hub) Lava fire is PERMITTED.
[05:23:50] [Server thread/INFO]: [WorldGuard] (hub) Fire spread is UNRESTRICTED.
[05:23:50] [Server thread/INFO]: [WorldGuard] Loaded configuration for world 'hub'
[05:23:51] [Server thread/INFO]: [PlaceholderAPI] Successfully registered internal expansion: multiverse-core [5.0.1]
[05:23:51] [Server thread/INFO]: [Multiverse-Core] API service loaded!
[05:23:51] [Server thread/INFO]: [Multiverse-Core] Version 5.0.1 (API v5.0) Enabled - By dumptruckman, Rigby, fernferret, lithium3141, main--, benwoo1110 and Zax71
[05:23:51] [Server thread/INFO]: [Multiverse-Core] Help dumptruckman keep this project alive. Become a patron! https://www.patreon.com/dumptruckman
[05:23:51] [Server thread/INFO]: [Multiverse-Core] One time donations are also appreciated: https://www.paypal.me/dumptruckman
[05:23:51] [Server thread/INFO]: [SlimeWorldManager] Enabling SlimeWorldManager v2.10.0
[05:23:51] [Server thread/INFO]: [Citizens] Enabling Citizens v2.0.33-SNAPSHOT (build 3311)
[05:23:51] [Server thread/INFO]: [Citizens] Loading external libraries
[05:23:51] [Server thread/INFO]: [PlaceholderAPI] Successfully registered internal expansion: citizensplaceholder [1.0.0]
[05:23:51] [Server thread/INFO]: [Citizens] Loaded economy handling via Vault.
[05:23:51] [Server thread/INFO]: [Parties] Enabling Parties v3.2.16
[05:23:51] [Server thread/INFO]: [Parties] Initializing Parties v3.2.16
[05:23:52] [Server thread/INFO]: [PlaceholderAPI] Successfully registered internal expansion: parties [3.2.16]
[05:23:52] [Server thread/INFO]: [Parties] Hooked into PlaceholderAPI
[05:23:52] [Server thread/INFO]: [Parties] Parties v3.2.16 enabled
[05:23:52] [Server thread/INFO]: [Multiverse-Inventories] Enabling Multiverse-Inventories v5.0.1
[05:23:52] [Server thread/WARN]: [Multiverse-Inventories] Group: 'hub' is not formatted correctly!
[05:23:53] [Server thread/INFO]: [Multiverse-Inventories] Loading player names map...
[05:23:53] [Server thread/INFO]: [Multiverse-Inventories] Version 5.0.1 (API v5.0) Enabled - By dumptruckman and benwoo1110
[05:23:53] [Server thread/INFO]: [BedWars1058] Enabling BedWars1058 v25.5-SNAPSHOT
[05:23:53] [Server thread/INFO]: [BedWars1058] Loading restore adapter: com.andrei1058.bedwars.arena.mapreset.slime.SlimePaperAdapter ...
[05:23:53] [Server thread/INFO]: [BedWars1058] Hook into Advanced Slime Paper by InfernalSuite as restore adapter.
[05:23:53] [Server thread/INFO]: Registering /party command..
[05:23:53] [Server thread/INFO]: [BedWars1058] Converting temple2 to the Slime format.
[05:23:53] [Server thread/INFO]: [STDOUT] [com.infernalsuite.aswm.serialization.anvil.AnvilWorldReader] Loading region file: r.-1.-1.mca...
[05:23:53] [Server thread/INFO]: [STDOUT] [com.infernalsuite.aswm.serialization.anvil.AnvilWorldReader] Loading region file: r.0.0.mca...
[05:23:53] [Server thread/INFO]: [STDOUT] [com.infernalsuite.aswm.serialization.anvil.AnvilWorldReader] Loading region file: r.0.-1.mca...
[05:23:53] [Server thread/INFO]: [STDOUT] [com.infernalsuite.aswm.serialization.anvil.AnvilWorldReader] Loading region file: r.-1.0.mca...
[05:23:53] [Server thread/WARN]: java.lang.RuntimeException: com.infernalsuite.aswm.api.exceptions.InvalidWorldException: Directory ./temple2 does not contain a valid MC world!
[05:23:53] [Server thread/WARN]: 	at com.infernalsuite.aswm.serialization.anvil.AnvilWorldReader.readFromData(AnvilWorldReader.java:136)
[05:23:53] [Server thread/WARN]: 	at plugin-1.20.4-R0.1-SNAPSHOT.jar//com.grinderwolf.swm.plugin.SWMPlugin.importVanillaWorld(SWMPlugin.java:404)
[05:23:53] [Server thread/WARN]: 	at plugin-1.20.4-R0.1-SNAPSHOT.jar//com.grinderwolf.swm.plugin.SWMPlugin.importWorld(SWMPlugin.java:385)
[05:23:53] [Server thread/WARN]: 	at bedwars-plugin-25.5-SNAPSHOT (1).jar//com.andrei1058.bedwars.arena.mapreset.slime.SlimePaperAdapter.convertWorld(SlimePaperAdapter.java:371)
[05:23:53] [Server thread/WARN]: 	at bedwars-plugin-25.5-SNAPSHOT (1).jar//com.andrei1058.bedwars.arena.mapreset.slime.SlimePaperAdapter.convertWorlds(SlimePaperAdapter.java:326)
[05:23:53] [Server thread/WARN]: 	at bedwars-plugin-25.5-SNAPSHOT (1).jar//com.andrei1058.bedwars.BedWars.loadArenasAndSigns(BedWars.java:599)
[05:23:53] [Server thread/WARN]: 	at bedwars-plugin-25.5-SNAPSHOT (1).jar//com.andrei1058.bedwars.BedWars.onEnable(BedWars.java:308)
[05:23:53] [Server thread/WARN]: 	at org.bukkit.plugin.java.JavaPlugin.setEnabled(JavaPlugin.java:281)
[05:23:53] [Server thread/WARN]: 	at io.papermc.paper.plugin.manager.PaperPluginInstanceManager.enablePlugin(PaperPluginInstanceManager.java:190)
[05:23:53] [Server thread/WARN]: 	at io.papermc.paper.plugin.manager.PaperPluginManagerImpl.enablePlugin(PaperPluginManagerImpl.java:104)
[05:23:53] [Server thread/WARN]: 	at org.bukkit.plugin.SimplePluginManager.enablePlugin(SimplePluginManager.java:507)
[05:23:53] [Server thread/WARN]: 	at org.bukkit.craftbukkit.v1_20_R3.CraftServer.enablePlugin(CraftServer.java:637)
[05:23:53] [Server thread/WARN]: 	at org.bukkit.craftbukkit.v1_20_R3.CraftServer.enablePlugins(CraftServer.java:548)
[05:23:53] [Server thread/WARN]: 	at net.minecraft.server.MinecraftServer.loadWorld0(MinecraftServer.java:686)
[05:23:53] [Server thread/WARN]: 	at net.minecraft.server.MinecraftServer.loadLevel(MinecraftServer.java:431)
[05:23:53] [Server thread/WARN]: 	at net.minecraft.server.dedicated.DedicatedServer.e(DedicatedServer.java:308)
[05:23:53] [Server thread/WARN]: 	at net.minecraft.server.MinecraftServer.w(MinecraftServer.java:1145)
[05:23:53] [Server thread/WARN]: 	at net.minecraft.server.MinecraftServer.lambda$spin$0(MinecraftServer.java:319)
[05:23:53] [Server thread/WARN]: 	at java.base/java.lang.Thread.run(Thread.java:1583)
[05:23:53] [Server thread/WARN]: Caused by: com.infernalsuite.aswm.api.exceptions.InvalidWorldException: Directory ./temple2 does not contain a valid MC world!
[05:23:53] [Server thread/WARN]: 	at com.infernalsuite.aswm.serialization.anvil.AnvilWorldReader.readFromData(AnvilWorldReader.java:109)
[05:23:53] [Server thread/WARN]: 	... 18 more
[05:23:53] [Server thread/INFO]: [BedWars1058] Hooked into PlaceholderAPI support!
[05:23:53] [Server thread/INFO]: [PlaceholderAPI] Successfully registered internal expansion: bw1058 [25.5-SNAPSHOT]
[05:23:54] [Server thread/WARN]: Scoreboard tab header-footer refresh interval is set to: 10
[05:23:54] [Server thread/WARN]: It is not recommended to use a value under 20 ticks.
[05:23:54] [Server thread/WARN]: If you expect performance issues please increase its timer.
[05:23:54] [Server thread/INFO]: [BedWars1058] Initializing SidebarLib by andrei1058
[05:23:54] [Server thread/INFO]: [Essentials] Enabling Essentials v2.21.2-dev+5-4ab3bbc
[05:23:54] [Server thread/ERROR]: [Essentials] You are running an unsupported server version!
[05:23:54] [Server thread/INFO]: [Essentials] Attempting to convert old kits in config.yml to new kits.yml
[05:23:54] [Server thread/INFO]: [Essentials] No kits found to migrate.
[05:23:54] [Server thread/INFO]: [Essentials] Selected Paper Tick Count Provider as the provider for TickCountProvider
[05:23:54] [Server thread/INFO]: [Essentials] Selected Paper Serialization Provider as the provider for SerializationProvider
[05:23:54] [Server thread/INFO]: [Essentials] Selected Legacy Damage Event Provider as the provider for DamageEventProvider
[05:23:54] [Server thread/INFO]: [Essentials] Selected Reflection Online Mode Provider as the provider for OnlineModeProvider
[05:23:54] [Server thread/INFO]: [Essentials] Selected 1.17.1+ World Info Provider as the provider for WorldInfoProvider
[05:23:54] [Server thread/INFO]: [Essentials] Selected 1.9-1.20.4 Potion Meta Provider as the provider for PotionMetaProvider
[05:23:54] [Server thread/INFO]: [Essentials] Selected Legacy InventoryView Abstract Class ABI Provider as the provider for InventoryViewProvider
[05:23:54] [Server thread/INFO]: [Essentials] Selected 1.20.5+ Banner Data Provider as the provider for BannerDataProvider
[05:23:54] [Server thread/INFO]: [Essentials] Selected 1.13+ Spawn Egg Provider as the provider for SpawnEggProvider
[05:23:54] [Server thread/INFO]: [Essentials] Selected Paper Server State Provider as the provider for ServerStateProvider
[05:23:54] [Server thread/INFO]: [Essentials] Selected 1.8.3+ Spawner Item Provider as the provider for SpawnerItemProvider
[05:23:54] [Server thread/INFO]: [Essentials] Selected 1.14+ Sign Data Provider as the provider for SignDataProvider
[05:23:54] [Server thread/INFO]: [Essentials] Selected Paper Container Provider as the provider for ContainerProvider
[05:23:54] [Server thread/INFO]: [Essentials] Selected Reflection Sync Commands Provider as the provider for SyncCommandsProvider
[05:23:54] [Server thread/INFO]: [Essentials] Selected 1.12.2+ Player Locale Provider as the provider for PlayerLocaleProvider
[05:23:54] [Server thread/INFO]: [Essentials] Selected Paper Material Tag Provider as the provider for MaterialTagProvider
[05:23:54] [Server thread/INFO]: [Essentials] Selected 1.12+ Spawner Block Provider as the provider for SpawnerBlockProvider
[05:23:54] [Server thread/INFO]: [Essentials] Selected 1.11+ Item Unbreakable Provider as the provider for ItemUnbreakableProvider
[05:23:54] [Server thread/INFO]: [Essentials] Selected 1.14.4+ Persistent Data Container Provider as the provider for PersistentDataProvider
[05:23:54] [Server thread/INFO]: [Essentials] Selected Reflection Formatted Command Alias Provider as the provider for FormattedCommandAliasProvider
[05:23:54] [Server thread/INFO]: [Essentials] Selected Paper Known Commands Provider as the provider for KnownCommandsProvider
[05:23:54] [Server thread/INFO]: [Essentials] Selected Paper Biome Key Provider as the provider for BiomeKeyProvider
[05:23:54] [Server thread/INFO]: [Essentials] Loaded 43517 items from items.json.
[05:23:54] [Server thread/INFO]: [Essentials] Using locale en
[05:23:54] [Server thread/INFO]: [Essentials] ServerListPingEvent: Spigot iterator API
[05:23:54] [Server thread/INFO]: [Essentials] Starting Metrics. Opt-out using the global bStats config.
[05:23:54] [Server thread/INFO]: [Vault] [Economy] Essentials Economy hooked.
[05:23:54] [Server thread/INFO]: [Essentials] Using Vault based permissions (LuckPerms)
[05:23:54] [Server thread/INFO]: [Geyser-Spigot] Enabling Geyser-Spigot v2.7.1-SNAPSHOT
[05:23:55] [Server thread/INFO]: [OldCombatMechanics] Enabling OldCombatMechanics v2.0.4
[05:23:55] [Server thread/INFO]: [PlaceholderAPI] Successfully registered internal expansion: ocm [2.0.4]
[05:23:55] [Server thread/WARN]: [OldCombatMechanics] Configured world world not found, skipping (might be loaded later?)...
[05:23:55] [Server thread/WARN]: [OldCombatMechanics] Configured world world_nether not found, skipping (might be loaded later?)...
[05:23:55] [Server thread/WARN]: [OldCombatMechanics] Configured world world_the_end not found, skipping (might be loaded later?)...
[05:23:55] [Server thread/INFO]: [OldCombatMechanics] OldCombatMechanics v2.0.4 has been enabled
[05:23:55] [Server thread/INFO]: [DecentHolograms] Enabling DecentHolograms v2.9.1
[05:23:55] [Server thread/INFO]: [DecentHolograms] Initialized NMS adapter for v1_20_R3 (1.20.4).
[05:23:55] [Server thread/INFO]: [NBTAPI] [NBTAPI] Found Minecraft: v1_20_R3! Trying to find NMS support
[05:23:55] [Server thread/INFO]: [NBTAPI] [NBTAPI] NMS support 'MC1_20_R3' loaded!
[05:23:55] [Server thread/INFO]: [NBTAPI] [NBTAPI] Using the plugin 'DecentHolograms' to create a bStats instance!
[05:23:55] [Server thread/INFO]: [BedWars1058-AntiDrop] Enabling BedWars1058-AntiDrop v1.2.1*
[05:23:55] [Server thread/INFO]: [BedWars1058-MapSelector] Enabling BedWars1058-MapSelector v1.5.0*
[05:23:55] [Server thread/INFO]: Hooked into BedWars1058
[05:23:55] [Server thread/INFO]: [com.zaxxer.hikari.HikariDataSource] MapSelector-Pool - Starting...
[05:23:55] [Server thread/INFO]: [com.zaxxer.hikari.HikariDataSource] MapSelector-Pool - Start completed.
[05:23:55] [Server thread/INFO]: [BedWars1058-MapSelector] Connected to the database
[05:23:55] [Server thread/INFO]: [PlaceholderAPI] Successfully registered internal expansion: mapselector [1.5.0]
[05:23:56] [Server thread/INFO]: [BedWars1058-MapSelector] BedWars1058-MapSelector plugin by itz_leoo has been successfully enabled.
[05:23:56] [Server thread/INFO]: [spark] Enabling spark v1.10.119
[05:23:56] [Server thread/INFO]: [spark] Using Paper ServerTickStartEvent for tick monitoring
[05:23:56] [Server thread/INFO]: [spark] Starting background profiler...
[05:23:56] [Server thread/INFO]: [PlaceholderAPI] Successfully registered internal expansion: spark [1.10.119]
[05:23:56] [Server thread/INFO]: [spark] Registered PlaceholderAPI placeholders
[05:23:56] [Server thread/INFO]: [Multiverse-Portals] Enabling Multiverse-Portals v5.0.2
[05:23:56] [Server thread/INFO]: [Multiverse-Portals] 2 - Portals(s) loaded
[05:23:56] [Server thread/INFO]: [Multiverse-Portals] Found WorldEdit. Using it for selections.
[05:23:56] [Server thread/INFO]: [Multiverse-Portals 5.0.2]  Enabled - By Rigby, fernferret and benwoo1110
[05:23:56] [Server thread/INFO]: [BedWars-Cosmetics] Enabling Cosmetics v1.4.8
[05:23:56] [Server thread/INFO]: Found PlaceholderAPI, loading placeholders!
[05:23:56] [Server thread/INFO]: [PlaceholderAPI] Successfully registered internal expansion: bwc [1.2]
[05:23:56] [Server thread/INFO]: [BedWars-Cosmetics] Loading libraries...
[05:23:56] [Server thread/INFO]: [BedWars-Cosmetics] All dependencies found, continuing with plugin startup.
[05:23:56] [Server thread/INFO]: [BedWars-Cosmetics] Loading data from resources in jar...
[05:23:56] [Server thread/INFO]: [BedWars-Cosmetics] Cosmetics list successfully loaded.
[05:23:56] [Server thread/INFO]: [BedWars-Cosmetics] Saving data to configs...
[05:23:56] [Server thread/INFO]: [BedWars-Cosmetics] Creating folders...
[05:23:56] [Server thread/INFO]: [BedWars-Cosmetics] Configuration file successfully loaded.
[05:23:56] [Server thread/INFO]: [BedWars-Cosmetics] Loading SQLite database...
[05:23:56] [Server thread/INFO]: [com.zaxxer.hikari.HikariDataSource] COSMETICS-SQLITE - Starting...
[05:23:56] [Server thread/INFO]: [com.zaxxer.hikari.pool.HikariPool] COSMETICS-SQLITE - Added connection org.sqlite.jdbc4.JDBC4Connection@365e5259
[05:23:56] [Server thread/INFO]: [com.zaxxer.hikari.HikariDataSource] COSMETICS-SQLITE - Start completed.
[05:23:56] [Server thread/INFO]: [BedWars-Cosmetics] Registering event listeners...
[05:23:56] [Server thread/INFO]: [BedWars-Cosmetics] Registering commands...
[05:23:56] [Server thread/INFO]: [BedWars-Cosmetics] [ACF] Enabled Asynchronous Tab Completion Support!
[05:23:56] [Server thread/INFO]: [BedWars-Cosmetics] Loading cosmetics...
[05:23:57] [Server thread/INFO]: [BedWars-Cosmetics] Addon have been loaded and enabled!
[05:23:57] [Server thread/INFO]: [BedWars1058-Compass] Enabling BedWars1058-Compass v1.4.3
[05:23:57] [Server thread/INFO]: [BedWars1058-Compass] Hook into Vault chat support
[05:23:58] [Server thread/INFO]: [BedWars1058-Compass] Successfully loaded in 145ms
[05:23:58] [Server thread/INFO]: [JumpPads] Enabling JumpPads v1.25.13
[05:23:58] [Server thread/INFO]: [EssentialsSpawn] Enabling EssentialsSpawn v2.21.2-dev+5-4ab3bbc
[05:23:58] [Server thread/INFO]: [EssentialsSpawn] Starting Metrics. Opt-out using the global bStats config.
[05:23:58] [Server thread/INFO]: [BedWars1058-GenSplit] Enabling BedWars1058-GenSplit v0.3*
[05:23:58] [Server thread/INFO]:  
[05:23:58] [Server thread/INFO]: BedWars1058 Generator Split
[05:23:58] [Server thread/INFO]: by kimoVoid
[05:23:58] [Server thread/INFO]:  
[05:23:58] [Server thread/INFO]: [GeyserPvP] Enabling GeyserPvP v1.4.1-STABLE*
[05:23:58] [Server thread/INFO]: [GeyserPvP] ══════════════════════════════════════════════════
[05:23:58] [Server thread/INFO]: [GeyserPvP]  ██████╗ ███████╗██╗   ██╗███████╗███████╗██████╗ 
[05:23:58] [Server thread/INFO]: [GeyserPvP] ██╔════╝ ██╔════╝╚██╗ ██╔╝██╔════╝██╔════╝██╔══██╗
[05:23:58] [Server thread/INFO]: [GeyserPvP] ██║  ███╗█████╗   ╚████╔╝ ███████╗█████╗  ██████╔╝
[05:23:58] [Server thread/INFO]: [GeyserPvP] ██║   ██║██╔══╝    ╚██╔╝  ╚════██║██╔══╝  ██╔══██╗
[05:23:58] [Server thread/INFO]: [GeyserPvP] ╚██████╔╝███████╗   ██║   ███████╗███████╗██║  ██║ 
[05:23:58] [Server thread/INFO]: [GeyserPvP]  ╚═════╝ ╚══════╝   ╚═╝   ╚══════╝╚══════╝╚═╝  ╚═╝ 
[05:23:58] [Server thread/INFO]: [GeyserPvP]                                                    
[05:23:58] [Server thread/INFO]: [GeyserPvP] ██████╗ ██╗   ██╗██████╗                          
[05:23:58] [Server thread/INFO]: [GeyserPvP] ██╔══██╗██║   ██║██╔══██╗                         
[05:23:58] [Server thread/INFO]: [GeyserPvP] ██████╔╝██║   ██║██████╔╝                         
[05:23:58] [Server thread/INFO]: [GeyserPvP] ██╔═══╝ ╚██╗ ██╔╝██╔═══╝                          
[05:23:58] [Server thread/INFO]: [GeyserPvP] ██║      ╚████╔╝ ██║                              
[05:23:58] [Server thread/INFO]: [GeyserPvP] ╚═╝       ╚═══╝  ╚═╝                              
[05:23:58] [Server thread/INFO]: [GeyserPvP] |  GeyserPVP
[05:23:58] [Server thread/INFO]: [GeyserPvP] |  Author: ThaYT
[05:23:58] [Server thread/INFO]: [GeyserPvP] |  Server Version: git-SlimeWorldManager-15981 (MC: 1.20.4)
[05:23:58] [Server thread/INFO]: [GeyserPvP] |  Version: 1.4.1-STABLE
[05:23:58] [Server thread/INFO]: [GeyserPvP] |  GeyserMC Version: 2.7.1-SNAPSHOT
[05:23:58] [Server thread/INFO]: [GeyserPvP] |  OCM Version: 2.0.4
[05:23:58] [Server thread/INFO]: [GeyserPvP] OCM config already set. No changes made.
[05:23:58] [Server thread/INFO]: [GeyserPvP] |  Plugin Loaded in 8 ms
[05:23:58] [Server thread/INFO]: [BedWars1058-Sponge] Enabling BedWars1058-Sponge v1.0.2
[05:23:58] [Server thread/INFO]: [BedWars1058-Sponge] Successfully loaded in 7ms
[05:23:58] [Server thread/INFO]: [BedWars1058-TeamSelector] Enabling BedWars1058-TeamSelector v0.7
[05:23:58] [Server thread/INFO]: [BedWars1058-TeamSelector] Hook into BedWars1058!
[05:23:58] [Server thread/INFO]: [BedWars1058-PlayAgain] Enabling BedWars1058-PlayAgain v2.1.1
[05:23:58] [Server thread/INFO]: [BedWars1058-PlayAgain] [INFO] The plugin has been activated (0.006s)
[05:23:58] [Server thread/INFO]: [PlaceholderAPI] Placeholder expansion registration initializing...
[05:23:58] [Server thread/INFO]: [Geyser-Spigot] ******************************************
[05:23:58] [Server thread/INFO]: [Geyser-Spigot] 
[05:23:58] [Server thread/INFO]: [Geyser-Spigot] Loading Geyser version 2.7.1-b845 (git-master-d63e82c)
[05:23:58] [Server thread/INFO]: [Geyser-Spigot] 
[05:23:58] [Server thread/INFO]: [Geyser-Spigot] ******************************************
[05:24:01] [epollEventLoopGroup-3-1/INFO]: [Geyser-Spigot] Started Geyser on UDP port 4171
[05:24:01] [Server thread/INFO]: [Geyser-Spigot] Done (3.478s)! Run /geyser help for help!
[05:24:01] [Server thread/INFO]: Running delayed init tasks
[05:24:01] [Craft Scheduler Thread - 0 - ViaVersion/INFO]: [ViaVersion] Finished mapping loading, shutting down loader executor.
[05:24:01] [Craft Scheduler Thread - 5 - DecentHolograms/INFO]: [DecentHolograms] Loading holograms... 
[05:24:01] [Craft Scheduler Thread - 0 - Essentials/INFO]: [Essentials] Fetching version information...
[05:24:02] [Craft Scheduler Thread - 3 - ItemJoin/INFO]: [ItemJoin] Hooked into { Multiverse-Core, Multiverse-Inventories, WorldGuard, PlaceholderAPI, ProtocolLib, SkinsRestorer, Citizens, Vault }
[05:24:02] [Craft Scheduler Thread - 11 - ItemJoin/INFO]: [ItemJoin] Checking for updates...
[05:24:02] [Craft Scheduler Thread - 6 - Vault/INFO]: [Vault] Checking for Updates ... 
[05:24:02] [Craft Scheduler Thread - 5 - DecentHolograms/INFO]: [DecentHolograms] Loaded 1 holograms!
[05:24:02] [Craft Scheduler Thread - 11 - ItemJoin/INFO]: [ItemJoin] You are up to date!
[05:24:02] [Craft Scheduler Thread - 6 - Vault/WARN]: [Vault] No files found, or Feed URL is bad.
[05:24:02] [Craft Scheduler Thread - 6 - Vault/INFO]: [Vault] No new version available
[05:24:02] [Server thread/INFO]: [ItemJoin] 24/24 Custom item(s) loaded!
[05:24:02] [Server thread/INFO]: [Parties] Hooked into LuckPerms
[05:24:02] [Server thread/INFO]: [Parties] Hooked into Essentials
[05:24:02] [Server thread/INFO]: [BedWars1058] Hooked into vault chat support!
[05:24:02] [Server thread/INFO]: [BedWars1058] Hooked into vault economy support!
[05:24:02] [Server thread/INFO]: [Essentials] Essentials found a compatible payment resolution method: Vault Compatibility Layer (v1.7.3-b131)!
[05:24:02] [Server thread/INFO]: [JumpPads] CleanUp found no JumpPads to delete!
[05:24:02] [Server thread/INFO]: [PlaceholderAPI] Successfully registered external expansion: vault [1.8.3]
[05:24:02] [Server thread/INFO]: [PlaceholderAPI] Successfully registered external expansion: bw1058plus [1.2.2]
[05:24:02] [Server thread/INFO]: 2 placeholder hook(s) registered!
[05:24:02] [Server thread/INFO]: [Citizens] Loaded 5 NPCs.
[05:24:02] [Server thread/INFO]: [Multiverse-Inventories] First run!
[05:24:02] [Server thread/INFO]: Checking for conflicts in groups...
[05:24:02] [Server thread/INFO]: No group conflicts found!
[05:24:02] [Server thread/INFO]: Done (30.922s)! For help, type "help"
[05:24:02] [Server thread/INFO]: Timings Reset
[05:24:03] [Server thread/INFO]: [BedWars1058] Hook into Citizens support. /bw npc
[05:24:03] [Server thread/INFO]: [BedWars1058] Hook into Parties (by AlessioDP) support!
[05:24:06] [Server thread/INFO]: [BedWars1058] This server is running in SHARED with auto-scale false
[05:26:21] [Server thread/INFO]: Unknown command. Type "/help" for help.
[05:26:23] [Server thread/INFO]: Unknown command. Type "/help" for help.
[05:26:32] [Server thread/INFO]: SWM >> Data source normal does not exist.
[05:29:12] [User Authenticator #0/INFO]: UUID of player millones277 is 0f1bd457-dfb6-3cb4-aca7-1a49d7cfcf30
[05:29:12] [Netty Epoll Server IO #0/WARN]: [ViaVersion] (1.17->1.16.4) Increased world height is NOT SUPPORTED for 1.16 players and below. They will see a void below y 0 and above 256. You can enable the `bedrock-at-y-0` config option to replace the air with a bedrock layer.
[05:29:13] [Server thread/INFO]: [OCM] Please specify a valid modeset!
[05:29:13] [Server thread/INFO]: millones277 joined the game
[05:29:13] [Server thread/INFO]: millones277[/127.141.104.90:58077] logged in with entity id 134 at ([hub]39.95291358531884, 30.0, -21.28250054071816)
[05:29:17] [Craft Scheduler Thread - 28 - ItemJoin/INFO]: Environment: Environment[sessionHost=https://sessionserver.mojang.com, servicesHost=https://api.minecraftservices.com, name=PROD]
[05:29:32] [Server thread/INFO]: millones277 issued server command: /bwc menu
[05:29:37] [Server thread/INFO]: millones277 issued server command: /bwc menu
[05:29:38] [Server thread/INFO]: millones277 issued server command: /bwc menu
[05:29:38] [Server thread/ERROR]: Could not pass event InventoryClickEvent to BedWars1058-MapSelector v1.5.0
java.lang.NullPointerException: ItemStack can't be null/air/amount of 0! This is not a NBTAPI bug!
	at me.leoo.bedwars.mapselector.libs.nbtapi.NBTItem.<init>(NBTItem.java:57) ~[Bedwars1058-MapSelector-1.5.0.jar:?]
	at me.leoo.bedwars.mapselector.libs.nbtapi.NBT.get(NBT.java:105) ~[Bedwars1058-MapSelector-1.5.0.jar:?]
	at me.leoo.bedwars.mapselector.libs.utils.bukkit.items.ItemBuilder.getTag(ItemBuilder.java:275) ~[Bedwars1058-MapSelector-1.5.0.jar:?]
	at me.leoo.bedwars.mapselector.libs.utils.bukkit.items.InteractItem.getByItem(InteractItem.java:42) ~[Bedwars1058-MapSelector-1.5.0.jar:?]
	at me.leoo.bedwars.mapselector.libs.utils.bukkit.items.InteractListeners.onInventoryClick(InteractListeners.java:51) ~[Bedwars1058-MapSelector-1.5.0.jar:?]
	at com.destroystokyo.paper.event.executor.asm.generated.GeneratedEventExecutor501.execute(Unknown Source) ~[?:?]
	at org.bukkit.plugin.EventExecutor$2.execute(EventExecutor.java:77) ~[slimeworldmanager-api-1.20.4-R0.1-SNAPSHOT.jar:?]
	at co.aikar.timings.TimedEventExecutor.execute(TimedEventExecutor.java:81) ~[slimeworldmanager-api-1.20.4-R0.1-SNAPSHOT.jar:git-SlimeWorldManager-15981]
	at org.bukkit.plugin.RegisteredListener.callEvent(RegisteredListener.java:70) ~[slimeworldmanager-api-1.20.4-R0.1-SNAPSHOT.jar:?]
	at io.papermc.paper.plugin.manager.PaperEventManager.callEvent(PaperEventManager.java:54) ~[slimeworldmanager-1.20.4.jar:git-SlimeWorldManager-15981]
	at io.papermc.paper.plugin.manager.PaperPluginManagerImpl.callEvent(PaperPluginManagerImpl.java:126) ~[slimeworldmanager-1.20.4.jar:git-SlimeWorldManager-15981]
	at org.bukkit.plugin.SimplePluginManager.callEvent(SimplePluginManager.java:615) ~[slimeworldmanager-api-1.20.4-R0.1-SNAPSHOT.jar:?]
	at net.minecraft.server.network.ServerGamePacketListenerImpl.handleContainerClick(ServerGamePacketListenerImpl.java:3099) ~[?:?]
	at net.minecraft.network.protocol.game.ServerboundContainerClickPacket.handle(ServerboundContainerClickPacket.java:58) ~[?:?]
	at net.minecraft.network.protocol.game.ServerboundContainerClickPacket.handle(ServerboundContainerClickPacket.java:23) ~[?:?]
	at net.minecraft.network.protocol.PacketUtils.lambda$ensureRunningOnSameThread$0(PacketUtils.java:54) ~[?:?]
	at net.minecraft.server.TickTask.run(TickTask.java:18) ~[slimeworldmanager-1.20.4.jar:git-SlimeWorldManager-15981]
	at net.minecraft.util.thread.BlockableEventLoop.doRunTask(BlockableEventLoop.java:153) ~[?:?]
	at net.minecraft.util.thread.ReentrantBlockableEventLoop.doRunTask(ReentrantBlockableEventLoop.java:24) ~[?:?]
	at net.minecraft.server.MinecraftServer.doRunTask(MinecraftServer.java:1469) ~[slimeworldmanager-1.20.4.jar:git-SlimeWorldManager-15981]
	at net.minecraft.server.MinecraftServer.d(MinecraftServer.java:194) ~[slimeworldmanager-1.20.4.jar:git-SlimeWorldManager-15981]
	at net.minecraft.util.thread.BlockableEventLoop.pollTask(BlockableEventLoop.java:126) ~[?:?]
	at net.minecraft.server.MinecraftServer.pollTaskInternal(MinecraftServer.java:1446) ~[slimeworldmanager-1.20.4.jar:git-SlimeWorldManager-15981]
	at net.minecraft.server.MinecraftServer.pollTask(MinecraftServer.java:1369) ~[slimeworldmanager-1.20.4.jar:git-SlimeWorldManager-15981]
	at net.minecraft.util.thread.BlockableEventLoop.managedBlock(BlockableEventLoop.java:136) ~[?:?]
	at net.minecraft.server.MinecraftServer.waitUntilNextTick(MinecraftServer.java:1347) ~[slimeworldmanager-1.20.4.jar:git-SlimeWorldManager-15981]
	at net.minecraft.server.MinecraftServer.runServer(MinecraftServer.java:1236) ~[slimeworldmanager-1.20.4.jar:git-SlimeWorldManager-15981]
	at net.minecraft.server.MinecraftServer.lambda$spin$0(MinecraftServer.java:319) ~[slimeworldmanager-1.20.4.jar:git-SlimeWorldManager-15981]
	at java.lang.Thread.run(Thread.java:1583) ~[?:?]
[05:29:40] [Server thread/INFO]: millones277 issued server command: /bwc menu
[05:29:40] [Server thread/INFO]: [NBTAPI] [NBTAPI] Found Minecraft: v1_20_R3! Trying to find NMS support
[05:29:40] [Server thread/INFO]: [NBTAPI] [NBTAPI] NMS support 'MC1_20_R3' loaded!
[05:29:40] [Server thread/INFO]: [NBTAPI] [NBTAPI] Using the plugin 'BedWars1058-MapSelector' to create a bStats instance!
[05:29:42] [Server thread/INFO]: millones277 issued server command: /bwc menu
[05:29:51] [Server thread/INFO]: millones277 lost connection: Disconnected
[05:29:51] [Server thread/INFO]: millones277 left the game
[05:30:15] [Server thread/INFO]: Stopping the server
[05:30:15] [Server thread/INFO]: Stopping server
[05:30:15] [Server thread/INFO]: [BedWars1058-PlayAgain] Disabling BedWars1058-PlayAgain v2.1.1
[05:30:15] [Server thread/INFO]: [BedWars1058-PlayAgain] [INFO] The plugin has been disabled
[05:30:15] [Server thread/INFO]: [BedWars1058-TeamSelector] Disabling BedWars1058-TeamSelector v0.7
[05:30:15] [Server thread/INFO]: [ViaRewind] Disabling ViaRewind v4.0.7
[05:30:15] [Server thread/INFO]: [BedWars1058-Sponge] Disabling BedWars1058-Sponge v1.0.2
[05:30:15] [Server thread/INFO]: [GeyserPvP] Disabling GeyserPvP v1.4.1-STABLE
[05:30:15] [Server thread/INFO]: [GeyserPvP] +----------------+
[05:30:15] [Server thread/INFO]: [GeyserPvP]  GeyserPVP 
[05:30:15] [Server thread/INFO]: [GeyserPvP]  Plugin Disabled
[05:30:15] [Server thread/INFO]: [GeyserPvP] +----------------+
[05:30:15] [Server thread/INFO]: [BedWars1058-GenSplit] Disabling BedWars1058-GenSplit v0.3
[05:30:15] [Server thread/INFO]: [EssentialsSpawn] Disabling EssentialsSpawn v2.21.2-dev+5-4ab3bbc
[05:30:15] [Server thread/INFO]: [JumpPads] Disabling JumpPads v1.25.13
[05:30:15] [Server thread/INFO]: [BedWars1058-Compass] Disabling BedWars1058-Compass v1.4.3
[05:30:15] [Server thread/INFO]: [BedWars-Cosmetics] Disabling Cosmetics v1.4.8
[05:30:15] [Server thread/INFO]: [BedWars-Cosmetics] Saving player data to SQLite database...
[05:30:15] [Server thread/INFO]: [BedWars-Cosmetics] Please wait it may take some time!
[05:30:15] [Server thread/INFO]: [BedWars-Cosmetics] Player data saved to SQLite database!
[05:30:15] [Server thread/INFO]: [Multiverse-Portals] Disabling Multiverse-Portals v5.0.2
[05:30:15] [Server thread/INFO]: [spark] Disabling spark v1.10.119
[05:30:15] [Server thread/INFO]: [BedWars1058-MapSelector] Disabling BedWars1058-MapSelector v1.5.0
[05:30:15] [Server thread/INFO]: [com.zaxxer.hikari.HikariDataSource] MapSelector-Pool - Shutdown initiated...
[05:30:15] [Server thread/INFO]: [com.zaxxer.hikari.HikariDataSource] MapSelector-Pool - Shutdown completed.
[05:30:15] [Server thread/INFO]: [BedWars1058-MapSelector] Closed the database connection
[05:30:15] [Server thread/INFO]: [BedWars1058-MapSelector] BedWars1058-MapSelector plugin by itz_leoo has been successfully disabled.
[05:30:15] [Server thread/INFO]: [BedWars1058-AntiDrop] Disabling BedWars1058-AntiDrop v1.2.1
[05:30:15] [Server thread/INFO]: [ItemJoin] Disabling ItemJoin v6.1.3-RELEASE-b1085
[05:30:15] [Server thread/INFO]: [DecentHolograms] Disabling DecentHolograms v2.9.1
[05:30:15] [Server thread/INFO]: [OldCombatMechanics] Disabling OldCombatMechanics v2.0.4
[05:30:15] [Server thread/INFO]: [OldCombatMechanics] OldCombatMechanics v2.0.4 has been disabled
[05:30:15] [Server thread/INFO]: [Geyser-Spigot] Disabling Geyser-Spigot v2.7.1-SNAPSHOT
[05:30:15] [Server thread/INFO]: [Geyser-Spigot] Shutting down Geyser.
[05:30:15] [Server thread/INFO]: [Geyser-Spigot] Geyser shutdown successfully.
[05:30:15] [Server thread/INFO]: [Essentials] Disabling Essentials v2.21.2-dev+5-4ab3bbc
[05:30:15] [Server thread/INFO]: [Vault] [Economy] Essentials Economy unhooked.
[05:30:15] [Server thread/INFO]: [BedWars1058] Disabling BedWars1058 v25.5-SNAPSHOT
[05:30:15] [Server thread/INFO]: [PlaceholderAPI] Unregistered placeholder expansion bw1058plus
[05:30:15] [Server thread/INFO]: [PlaceholderAPI] Reason: required plugin BedWars1058 was disabled.
[05:30:15] [Server thread/INFO]: [Multiverse-Inventories] Disabling Multiverse-Inventories v5.0.1
[05:30:15] [Server thread/INFO]: [SkinsRestorer] Disabling SkinsRestorer v15.6.5
[05:30:15] [Server thread/INFO]: [Parties] Disabling Parties v3.2.16
[05:30:15] [Server thread/INFO]: [Parties] Disabling Parties
[05:30:15] [Server thread/INFO]: [Parties] Parties disabled
[05:30:15] [Server thread/INFO]: [Citizens] Disabling Citizens v2.0.33-SNAPSHOT (build 3311)
[05:30:15] [Server thread/INFO]: [SlimeWorldManager] Disabling SlimeWorldManager v2.10.0
[05:30:15] [Server thread/INFO]: [Multiverse-Core] Disabling Multiverse-Core v5.0.1
[05:30:15] [Server thread/INFO]: [ViaBackwards] Disabling ViaBackwards v5.3.2
[05:30:15] [Server thread/INFO]: [WorldGuard] Disabling WorldGuard v7.0.9+5934e49
[05:30:15] [Server thread/INFO]: [WorldGuard] Shutting down executor and cancelling any pending tasks...
[05:30:15] [Server thread/INFO]: [ProtocolLib] Disabling ProtocolLib v5.3.0
[05:30:15] [Server thread/INFO]: [PlaceholderAPI] Disabling PlaceholderAPI v2.11.6
[05:30:15] [Server thread/INFO]: [WorldEdit] Disabling WorldEdit v7.3.10-beta-01+cb9fd58
[05:30:15] [Server thread/INFO]: Unregistering com.sk89q.worldedit.bukkit.BukkitServerInterface from WorldEdit
[05:30:15] [Server thread/INFO]: [Vault] Disabling Vault v1.7.3-b131
[05:30:15] [Server thread/INFO]: [LuckPerms] Disabling LuckPerms v5.5.2
[05:30:15] [Server thread/INFO]: [LuckPerms] Starting shutdown process...
[05:30:15] [Server thread/INFO]: [LuckPerms] Closing storage...
[05:30:15] [Server thread/INFO]: [LuckPerms] Goodbye!
[05:30:15] [Server thread/INFO]: [ViaVersion] Disabling ViaVersion v5.3.2
[05:30:15] [Server thread/INFO]: [ViaVersion] ViaVersion has been disabled; uninjected the platform and shut down the scheduler.
[05:30:15] [Server thread/INFO]: Saving players
[05:30:15] [Server thread/INFO]: Saving worlds
[05:30:15] [Server thread/INFO]: Saving chunks for level 'ServerLevel[bwlobby]'/minecraft:overworld
[05:30:15] [Server thread/INFO]: [ChunkHolderManager] Waiting 60s for chunk system to halt for world 'bwlobby'
[05:30:15] [Server thread/INFO]: [ChunkHolderManager] Halted chunk system for world 'bwlobby'
[05:30:15] [Server thread/INFO]: [ChunkHolderManager] Saving all chunkholders for world 'bwlobby'
[05:30:16] [Server thread/INFO]: [ChunkHolderManager] Saved 675 block chunks, 675 entity chunks, 0 poi chunks in world 'bwlobby' in 0.64s
[05:30:16] [Server thread/INFO]: ThreadedAnvilChunkStorage (bwlobby): All chunks are saved
[05:30:16] [Server thread/INFO]: Saving chunks for level 'ServerLevel[bwlobby_the_end]'/minecraft:the_end
[05:30:16] [Server thread/INFO]: [ChunkHolderManager] Waiting 60s for chunk system to halt for world 'bwlobby_the_end'
[05:30:16] [Server thread/INFO]: [ChunkHolderManager] Halted chunk system for world 'bwlobby_the_end'
[05:30:16] [Server thread/INFO]: [ChunkHolderManager] Saving all chunkholders for world 'bwlobby_the_end'
[05:30:16] [Server thread/INFO]: [ChunkHolderManager] Saved 529 block chunks, 529 entity chunks, 0 poi chunks in world 'bwlobby_the_end' in 0.30s
[05:30:16] [Server thread/INFO]: ThreadedAnvilChunkStorage (DIM1): All chunks are saved
[05:30:16] [Server thread/INFO]: Saving chunks for level 'ServerLevel[hub]'/minecraft:hub
[05:30:16] [Server thread/INFO]: [ChunkHolderManager] Waiting 60s for chunk system to halt for world 'hub'
[05:30:16] [Server thread/INFO]: [ChunkHolderManager] Halted chunk system for world 'hub'
[05:30:16] [Server thread/INFO]: [ChunkHolderManager] Saving all chunkholders for world 'hub'
[05:30:17] [Server thread/INFO]: [ChunkHolderManager] Saved 697 block chunks, 697 entity chunks, 0 poi chunks in world 'hub' in 0.55s
[05:30:17] [Server thread/INFO]: ThreadedAnvilChunkStorage (hub): All chunks are saved
[05:30:17] [Server thread/INFO]: ThreadedAnvilChunkStorage: All dimensions are saved
[05:30:17] [Server thread/INFO]: Flushing Chunk IO
[05:30:17] [Server thread/INFO]: Closing Thread Pool
[05:30:17] [Server thread/INFO]: Closing Server
